2026-05-27 09:32:01,465 INFO === FARS Historical Seed: 2000–2024 ===
2026-05-27 09:32:01,549 INFO Downloading FARS 2000...
2026-05-27 09:32:04,246 INFO   Complete: 7MB
2026-05-27 09:32:04,252 INFO   Parsing accident.csv...
2026-05-27 09:32:04,570 INFO   Parsing vehicle.csv...
2026-05-27 09:32:05,429 INFO   Parsing driverrf.csv...
2026-05-27 09:32:05,560 INFO   4172 crashes with CDL vehicles in 2000
2026-05-27 09:32:05,837 INFO   Checkpoint saved: C:\Users\sevans\Downloads\american-cdl-incident-tracker\american-cdl-incident-tracker\data\incidents.json
2026-05-27 09:32:05,840 INFO Downloading FARS 2001...
2026-05-27 09:32:09,046 INFO   Complete: 7MB
2026-05-27 09:32:09,048 INFO   Parsing accident.csv...
2026-05-27 09:32:09,337 INFO   Parsing vehicle.csv...
2026-05-27 09:32:10,074 INFO   Parsing driverrf.csv...
2026-05-27 09:32:10,131 INFO   3982 crashes with CDL vehicles in 2001
2026-05-27 09:32:10,505 INFO   Checkpoint saved: C:\Users\sevans\Downloads\american-cdl-incident-tracker\american-cdl-incident-tracker\data\incidents.json
2026-05-27 09:32:10,508 INFO Downloading FARS 2002...
2026-05-27 09:32:14,181 INFO   Complete: 7MB
2026-05-27 09:32:14,183 INFO   Parsing accident.csv...
2026-05-27 09:32:14,476 INFO   Parsing vehicle.csv...
2026-05-27 09:32:15,255 INFO   Parsing driverrf.csv...
2026-05-27 09:32:15,344 INFO   3834 crashes with CDL vehicles in 2002
2026-05-27 09:32:15,792 INFO   Checkpoint saved: C:\Users\sevans\Downloads\american-cdl-incident-tracker\american-cdl-incident-tracker\data\incidents.json
2026-05-27 09:32:15,795 INFO Downloading FARS 2003...
2026-05-27 09:32:18,541 INFO   Complete: 7MB
2026-05-27 09:32:18,543 INFO   Parsing accident.csv...
2026-05-27 09:32:18,833 INFO   Parsing vehicle.csv...
2026-05-27 09:32:19,603 INFO   Parsing driverrf.csv...
2026-05-27 09:32:19,689 INFO   3942 crashes with CDL vehicles in 2003
2026-05-27 09:32:20,145 INFO   Checkpoint saved: C:\Users\sevans\Downloads\american-cdl-incident-tracker\american-cdl-incident-tracker\data\incidents.json
2026-05-27 09:32:20,148 INFO Downloading FARS 2004...
2026-05-27 09:32:23,032 INFO   Complete: 7MB
2026-05-27 09:32:23,036 INFO   Parsing accident.csv...
2026-05-27 09:32:23,347 INFO   Parsing vehicle.csv...
2026-05-27 09:32:24,251 INFO   Parsing driverrf.csv...
2026-05-27 09:32:24,343 INFO   4046 crashes with CDL vehicles in 2004
2026-05-27 09:32:24,949 INFO   Checkpoint saved: C:\Users\sevans\Downloads\american-cdl-incident-tracker\american-cdl-incident-tracker\data\incidents.json
2026-05-27 09:32:24,953 INFO Downloading FARS 2005...
2026-05-27 09:32:29,087 INFO   Complete: 8MB
2026-05-27 09:32:29,089 INFO   Parsing accident.csv...
2026-05-27 09:32:29,409 INFO   Parsing vehicle.csv...
2026-05-27 09:32:30,227 INFO   Parsing driverrf.csv...
2026-05-27 09:32:30,292 INFO   4119 crashes with CDL vehicles in 2005
2026-05-27 09:32:30,852 INFO   Checkpoint saved: C:\Users\sevans\Downloads\american-cdl-incident-tracker\american-cdl-incident-tracker\data\incidents.json
2026-05-27 09:32:30,855 INFO Downloading FARS 2006...
2026-05-27 09:32:34,753 INFO   Downloaded 10MB...
2026-05-27 09:32:36,034 INFO   Complete: 14MB
2026-05-27 09:32:36,037 INFO   Parsing accident.csv...
2026-05-27 09:32:36,352 INFO   Parsing vehicle.csv...
2026-05-27 09:32:37,195 INFO   Parsing driverrf.csv...
2026-05-27 09:32:37,263 INFO   3970 crashes with CDL vehicles in 2006
2026-05-27 09:32:37,887 INFO   Checkpoint saved: C:\Users\sevans\Downloads\american-cdl-incident-tracker\american-cdl-incident-tracker\data\incidents.json
2026-05-27 09:32:37,892 INFO Downloading FARS 2007...
2026-05-27 09:32:42,231 INFO   Downloaded 10MB...
2026-05-27 09:32:43,640 INFO   Complete: 13MB
2026-05-27 09:32:43,643 INFO   Parsing accident.csv...
2026-05-27 09:32:43,965 INFO   Parsing vehicle.csv...
2026-05-27 09:32:44,759 INFO   Parsing driverrf.csv...
2026-05-27 09:32:44,814 INFO   3771 crashes with CDL vehicles in 2007
2026-05-27 09:32:45,551 INFO   Checkpoint saved: C:\Users\sevans\Downloads\american-cdl-incident-tracker\american-cdl-incident-tracker\data\incidents.json
2026-05-27 09:32:45,555 INFO Downloading FARS 2008...
2026-05-27 09:32:49,523 INFO   Downloaded 10MB...
2026-05-27 09:32:50,315 INFO   Complete: 12MB
2026-05-27 09:32:50,318 INFO   Parsing accident.csv...
2026-05-27 09:32:50,602 INFO   Parsing vehicle.csv...
2026-05-27 09:32:51,665 INFO   Parsing driverrf.csv...
2026-05-27 09:32:51,797 INFO   3381 crashes with CDL vehicles in 2008
2026-05-27 09:32:52,601 INFO   Checkpoint saved: C:\Users\sevans\Downloads\american-cdl-incident-tracker\american-cdl-incident-tracker\data\incidents.json
2026-05-27 09:32:52,607 INFO Downloading FARS 2009...
2026-05-27 09:32:56,125 INFO   Downloaded 10MB...
2026-05-27 09:32:56,773 INFO   Complete: 11MB
2026-05-27 09:32:56,775 INFO   Parsing accident.csv...
2026-05-27 09:32:57,024 INFO   Parsing vehicle.csv...
2026-05-27 09:32:57,691 INFO   Parsing driverrf.csv...
2026-05-27 09:32:57,737 INFO   2620 crashes with CDL vehicles in 2009
2026-05-27 09:32:58,482 INFO   Checkpoint saved: C:\Users\sevans\Downloads\american-cdl-incident-tracker\american-cdl-incident-tracker\data\incidents.json
2026-05-27 09:32:58,485 INFO Downloading FARS 2010...
2026-05-27 09:33:02,001 INFO   Downloaded 10MB...
2026-05-27 09:33:03,274 INFO   Complete: 13MB
2026-05-27 09:33:03,276 INFO   Parsing accident.csv...
2026-05-27 09:33:03,499 INFO   Parsing vehicle.csv...
2026-05-27 09:33:04,160 INFO   Parsing driverrf.csv...
2026-05-27 09:33:04,258 INFO   2873 crashes with CDL vehicles in 2010
2026-05-27 09:33:05,055 INFO   Checkpoint saved: C:\Users\sevans\Downloads\american-cdl-incident-tracker\american-cdl-incident-tracker\data\incidents.json
2026-05-27 09:33:05,060 INFO Downloading FARS 2011...
2026-05-27 09:33:08,818 INFO   Downloaded 10MB...
2026-05-27 09:33:09,969 INFO   Complete: 13MB
2026-05-27 09:33:09,972 INFO   Parsing accident.csv...
2026-05-27 09:33:10,241 INFO   Parsing vehicle.csv...
2026-05-27 09:33:10,920 INFO   Parsing driverrf.csv...
2026-05-27 09:33:10,974 INFO   2922 crashes with CDL vehicles in 2011
2026-05-27 09:33:11,823 INFO   Checkpoint saved: C:\Users\sevans\Downloads\american-cdl-incident-tracker\american-cdl-incident-tracker\data\incidents.json
2026-05-27 09:33:11,829 INFO Downloading FARS 2012...
2026-05-27 09:33:15,939 INFO   Downloaded 10MB...
2026-05-27 09:33:17,428 INFO   Complete: 14MB
2026-05-27 09:33:17,430 INFO   Parsing accident.csv...
2026-05-27 09:33:17,667 INFO   Parsing vehicle.csv...
2026-05-27 09:33:18,445 INFO   Parsing driverrf.csv...
2026-05-27 09:33:18,505 INFO   3015 crashes with CDL vehicles in 2012
2026-05-27 09:33:19,497 INFO   Checkpoint saved: C:\Users\sevans\Downloads\american-cdl-incident-tracker\american-cdl-incident-tracker\data\incidents.json
2026-05-27 09:33:19,500 INFO Downloading FARS 2013...
2026-05-27 09:33:22,852 INFO   Downloaded 10MB...
2026-05-27 09:33:24,926 INFO   Complete: 15MB
2026-05-27 09:33:24,928 INFO   Parsing accident.csv...
2026-05-27 09:33:25,163 INFO   Parsing vehicle.csv...
2026-05-27 09:33:25,748 INFO   Parsing driverrf.csv...
2026-05-27 09:33:25,792 INFO   3084 crashes with CDL vehicles in 2013
2026-05-27 09:33:26,741 INFO   Checkpoint saved: C:\Users\sevans\Downloads\american-cdl-incident-tracker\american-cdl-incident-tracker\data\incidents.json
2026-05-27 09:33:26,744 INFO Downloading FARS 2014...
2026-05-27 09:33:31,402 INFO   Downloaded 10MB...
2026-05-27 09:33:33,493 INFO   Complete: 15MB
2026-05-27 09:33:33,495 INFO   Parsing accident.csv...
2026-05-27 09:33:33,717 INFO   Parsing vehicle.csv...
2026-05-27 09:33:34,286 INFO   Parsing driverrf.csv...
2026-05-27 09:33:34,339 INFO   3025 crashes with CDL vehicles in 2014
2026-05-27 09:33:35,328 INFO   Checkpoint saved: C:\Users\sevans\Downloads\american-cdl-incident-tracker\american-cdl-incident-tracker\data\incidents.json
2026-05-27 09:33:35,332 INFO Downloading FARS 2015...
2026-05-27 09:33:38,878 INFO   Downloaded 10MB...
2026-05-27 09:33:42,734 INFO   Downloaded 20MB...
2026-05-27 09:33:45,353 INFO   Complete: 28MB
2026-05-27 09:33:45,358 INFO   Parsing accident.csv...
2026-05-27 09:33:46,161 INFO   Parsing vehicle.csv...
2026-05-27 09:33:48,747 INFO   Parsing driverrf.csv...
2026-05-27 09:33:48,827 INFO   3256 crashes with CDL vehicles in 2015
2026-05-27 09:33:50,071 INFO   Checkpoint saved: C:\Users\sevans\Downloads\american-cdl-incident-tracker\american-cdl-incident-tracker\data\incidents.json
2026-05-27 09:33:50,079 INFO Downloading FARS 2016...
2026-05-27 09:33:53,651 INFO   Downloaded 10MB...
2026-05-27 09:33:57,934 INFO   Downloaded 20MB...
2026-05-27 09:34:01,073 INFO   Complete: 25MB
2026-05-27 09:34:01,076 INFO   Parsing accident.csv...
2026-05-27 09:34:01,759 INFO   Parsing vehicle.csv...
2026-05-27 09:34:04,259 INFO   Parsing driverrf.csv...
2026-05-27 09:34:04,494 INFO   3707 crashes with CDL vehicles in 2016
2026-05-27 09:34:06,040 INFO   Checkpoint saved: C:\Users\sevans\Downloads\american-cdl-incident-tracker\american-cdl-incident-tracker\data\incidents.json
2026-05-27 09:34:06,047 INFO Downloading FARS 2017...
2026-05-27 09:34:13,355 INFO   Downloaded 10MB...
2026-05-27 09:34:17,928 INFO   Downloaded 20MB...
2026-05-27 09:34:22,298 INFO   Complete: 25MB
2026-05-27 09:34:22,300 INFO   Parsing accident.csv...
2026-05-27 09:34:22,972 INFO   Parsing vehicle.csv...
2026-05-27 09:34:25,381 INFO   Parsing driverrf.csv...
2026-05-27 09:34:25,463 INFO   3812 crashes with CDL vehicles in 2017
2026-05-27 09:34:26,926 INFO   Checkpoint saved: C:\Users\sevans\Downloads\american-cdl-incident-tracker\american-cdl-incident-tracker\data\incidents.json
2026-05-27 09:34:26,933 INFO Downloading FARS 2018...
2026-05-27 09:34:32,370 INFO   Downloaded 10MB...
2026-05-27 09:34:43,905 INFO   Downloaded 20MB...
2026-05-27 09:34:50,676 INFO   Complete: 25MB
2026-05-27 09:34:50,678 INFO   Parsing accident.csv...
2026-05-27 09:34:51,352 INFO   Parsing vehicle.csv...
2026-05-27 09:34:53,923 INFO   Parsing driverrf.csv...
2026-05-27 09:34:54,006 INFO   3738 crashes with CDL vehicles in 2018
2026-05-27 09:34:55,630 INFO   Checkpoint saved: C:\Users\sevans\Downloads\american-cdl-incident-tracker\american-cdl-incident-tracker\data\incidents.json
2026-05-27 09:34:55,636 INFO Downloading FARS 2019...
2026-05-27 09:34:59,318 INFO   Downloaded 10MB...
2026-05-27 09:35:10,208 INFO   Downloaded 20MB...
2026-05-27 09:35:12,569 INFO   Complete: 25MB
2026-05-27 09:35:12,572 INFO   Parsing accident.csv...
2026-05-27 09:35:13,223 INFO   Parsing vehicle.csv...
2026-05-27 09:35:15,901 INFO   Parsing driverrf.csv...
2026-05-27 09:35:15,977 INFO   3799 crashes with CDL vehicles in 2019
2026-05-27 09:35:17,535 INFO   Checkpoint saved: C:\Users\sevans\Downloads\american-cdl-incident-tracker\american-cdl-incident-tracker\data\incidents.json
2026-05-27 09:35:17,541 INFO Downloading FARS 2020...
2026-05-27 09:35:21,595 INFO   Downloaded 10MB...
2026-05-27 09:35:25,248 INFO   Downloaded 20MB...
2026-05-27 09:35:28,277 INFO   Complete: 29MB
2026-05-27 09:35:28,281 INFO   Parsing accident.csv...
2026-05-27 09:35:28,901 INFO   Parsing vehicle.csv...
2026-05-27 09:35:31,813 INFO   Parsing driverrf.csv...
2026-05-27 09:35:32,234 INFO   3710 crashes with CDL vehicles in 2020
2026-05-27 09:35:50,694 INFO   Checkpoint saved: C:\Users\sevans\Downloads\american-cdl-incident-tracker\american-cdl-incident-tracker\data\incidents.json
2026-05-27 09:35:50,699 INFO Downloading FARS 2021...
2026-05-27 09:36:37,962 INFO   Downloaded 10MB...
2026-05-27 09:36:55,721 INFO   Downloaded 20MB...
2026-05-27 09:37:04,166 INFO   Downloaded 30MB...
2026-05-27 09:37:09,193 INFO   Complete: 33MB
2026-05-27 09:37:09,196 INFO   Parsing accident.csv...
2026-05-27 09:37:09,983 INFO   Parsing vehicle.csv...
2026-05-27 09:37:13,480 INFO   Parsing driverrf.csv...
2026-05-27 09:37:13,774 INFO   4351 crashes with CDL vehicles in 2021
2026-05-27 09:37:36,934 INFO   Checkpoint saved: C:\Users\sevans\Downloads\american-cdl-incident-tracker\american-cdl-incident-tracker\data\incidents.json
2026-05-27 09:37:36,941 INFO Downloading FARS 2022...
2026-05-27 09:37:40,439 INFO   Downloaded 10MB...
2026-05-27 09:37:44,067 INFO   Downloaded 20MB...
2026-05-27 09:37:48,154 INFO   Downloaded 30MB...
2026-05-27 09:37:49,242 INFO   Complete: 33MB
2026-05-27 09:37:49,245 INFO   Parsing accident.csv...
2026-05-27 09:37:50,012 INFO   Parsing vehicle.csv...
2026-05-27 09:37:53,092 INFO   Parsing driverrf.csv...
2026-05-27 09:37:53,384 INFO   4426 crashes with CDL vehicles in 2022
2026-05-27 09:38:18,639 INFO   Checkpoint saved: C:\Users\sevans\Downloads\american-cdl-incident-tracker\american-cdl-incident-tracker\data\incidents.json
2026-05-27 09:38:18,645 INFO Downloading FARS 2023...
2026-05-27 09:38:22,579 INFO   Downloaded 10MB...
2026-05-27 09:38:26,357 INFO   Downloaded 20MB...
2026-05-27 09:38:29,566 INFO   Downloaded 30MB...
2026-05-27 09:38:30,510 INFO   Complete: 32MB
2026-05-27 09:38:30,513 INFO   Parsing accident.csv...
2026-05-27 09:38:31,193 INFO   Parsing vehicle.csv...
2026-05-27 09:38:34,503 INFO   Parsing driverrf.csv...
2026-05-27 09:38:34,795 INFO   4126 crashes with CDL vehicles in 2023
2026-05-27 09:38:57,945 INFO   Checkpoint saved: C:\Users\sevans\Downloads\american-cdl-incident-tracker\american-cdl-incident-tracker\data\incidents.json
2026-05-27 09:38:57,951 INFO Downloading FARS 2024...
2026-05-27 09:39:03,272 INFO   Downloaded 10MB...
2026-05-27 09:39:07,970 INFO   Downloaded 20MB...
2026-05-27 09:39:10,995 INFO   Downloaded 30MB...
2026-05-27 09:39:11,345 INFO   Complete: 31MB
2026-05-27 09:39:11,348 INFO   Parsing accident.csv...
2026-05-27 09:39:11,956 INFO   Parsing vehicle.csv...
2026-05-27 09:39:14,750 INFO   Parsing driverrf.csv...
2026-05-27 09:39:15,350 INFO   3998 crashes with CDL vehicles in 2024
2026-05-27 09:39:38,192 INFO   Checkpoint saved: C:\Users\sevans\Downloads\american-cdl-incident-tracker\american-cdl-incident-tracker\data\incidents.json
2026-05-27 09:39:38,193 INFO 
Building company records...
2026-05-27 09:39:38,416 INFO 
==================================================
2026-05-27 09:39:38,417 INFO SEED COMPLETE
2026-05-27 09:39:38,417 INFO   Total incidents: 91679
2026-05-27 09:39:38,417 INFO   New this run:    91679
2026-05-27 09:39:38,417 INFO   Companies found: 29689
2026-05-27 09:39:38,418 INFO   Saved to: C:\Users\sevans\Downloads\american-cdl-incident-tracker\american-cdl-incident-tracker\data\incidents.json
2026-05-27 09:39:38,418 INFO 
Next step: run the regular scraper to add news-sourced incidents
2026-05-27 09:39:38,418 INFO   py scripts/scraper.py
